(split horizontal:0.5:1 (clients vertical:0) (clients vertical:0))
